X_expected	Y_expected	X_measured	Y_measured
0	0	156	331
10	0	207	295
30	0	364	225
60	0	576	255
100	0	871	269
150	0	1291	287
210	0	1753	261
269	0	2222	275
329	0	2722	262
379	0	3098	265
419	0	3424	263
449	0	3658	292
469	0	3821	199
479	0	3906	232
0	10	154	348
10	10	240	330
30	10	352	337
60	10	601	372
100	10	937	329
150	10	1305	354
210	10	1759	350
269	10	2259	322
329	10	2722	333
379	10	3108	338
419	10	3430	329
449	10	3653	364
469	10	3802	374
479	10	3882	286
0	30	199	566
